nohup: ignoring input

> leap-app@1.0.0 dev
> tsx server.ts

<w> [webpack.cache.PackFileCacheStrategy] Restoring pack from /home/user/GeminiAPGWEBSITE1/.next/cache/webpack/client-development.pack.gz failed: TypeError: Cannot read properties of undefined (reading 'hasStartTime')
 ⨯ uncaughtException: Error: listen EADDRINUSE: address already in use 0.0.0.0:3000
    at Server.setupListenHandle [as _listen2] (node:net:1908:16)
    at listenInCluster (node:net:1965:12)
    at doListen (node:net:2139:7)
    at process.processTicksAndRejections (node:internal/process/task_queues:83:21) {
  code: 'EADDRINUSE',
  errno: -98,
  syscall: 'listen',
  address: '0.0.0.0',
  port: 3000
}
 ⨯ uncaughtException: Error: listen EADDRINUSE: address already in use 0.0.0.0:3000
    at Server.setupListenHandle [as _listen2] (node:net:1908:16)
    at listenInCluster (node:net:1965:12)
    at doListen (node:net:2139:7)
    at process.processTicksAndRejections (node:internal/process/task_queues:83:21) {
  code: 'EADDRINUSE',
  errno: -98,
  syscall: 'listen',
  address: '0.0.0.0',
  port: 3000
}
